
> backend@0.0.1 test
> jest src/app.controller.spec.ts

npm : FAIL src/app.co
ntroller.spec.ts
At line:1 char:1
+ npm test src/app.co
ntroller.spec.ts > 
test_output.txt 2>&1
+ ~~~~~~~~~~~~~~~~~~~
~~~~~~~~~~~~~~~~~~~~~
~~~~~~~~~~~~~~~~~~
    + CategoryInfo   
           : NotSpe  
  cified: (FAIL sr   
 c/app.controller    
.spec.ts:String)     
[], RemoteExcep    
tion
    + FullyQualified 
   ErrorId : Native  
  CommandError
 
  AppController
    root
      ├ù should 
return "Hello 
World!" (13 ms)

  ΓùÅ AppController 
ΓÇ║ root ΓÇ║ should 
return "Hello World!"

    TypeError: appCon
troller.getHello is 
not a function

    [0m [90m 17 
|[39m   describe([3
2m'root'[39m[33m,[
39m () [33m=>[39m {
     [90m 18 |[39m 
    it([32m'should 
return "Hello World!"
'[39m[33m,[39m () 
[33m=>[39m {
    [31m[1m>[22m[
39m[90m 19 |[39m   
    expect(appControl
ler[33m.[39mgetHell
o())[33m.[39mtoBe(
[32m'Hello World!'[3
9m)[33m;[39m
     [90m    |[39m 
                     
      
[31m[1m^[22m[39m
     [90m 20 |[39m 
    })[33m;[39m
     [90m 21 |[39m 
  })[33m;[39m
     [90m 22 |[39m 
})[33m;[39m[0m

      at 
Object.<anonymous> (a
pp.controller.spec.ts
:19:28)

Test Suites: 1 
failed, 1 total
Tests:       1 
failed, 1 total
Snapshots:   0 total
Time:        1.21 s
Ran all test suites 
matching src/app.cont
roller.spec.ts.
